Microchip MPLAB XC8 Compiler V1.31 ()

Linker command line:

--edf=/Applications/microchip/xc8/v1.31/dat/en_msgs.txt -cs \
  -h+dist/default/production/WordClock.X.production.sym \
  --cmf=dist/default/production/WordClock.X.production.cmf -z -Q18F4620 \
  -o/tmp/cgthc4iZD -Mdist/default/production/WordClock.X.production.map -E1 \
  -ver=XC8 -ASTACK=0140h-09ffh -pstack=STACK -ACODE=00h-0FFFFh \
  -ACONST=00h-0FFFFh -ASMALLCONST=01000h-010FFhx240 \
  -AMEDIUMCONST=01000h-0FFFFh -ACOMRAM=01h-07Fh -AABS1=00h-0F7Fh \
  -ABIGRAM=01h-0F7Fh -ARAM=080h-0FFh,0100h-01FFhx14,0F00h-0F7Fh \
  -ABANK0=080h-0FFh -ABANK1=0100h-01FFh -ABANK2=0200h-02FFh \
  -ABANK3=0300h-03FFh -ABANK4=0400h-04FFh -ABANK5=0500h-05FFh \
  -ABANK6=0600h-06FFh -ABANK7=0700h-07FFh -ABANK8=0800h-08FFh \
  -ABANK9=0900h-09FFh -ABANK10=0A00h-0AFFh -ABANK11=0B00h-0BFFh \
  -ABANK12=0C00h-0CFFh -ABANK13=0D00h-0DFFh -ABANK14=0E00h-0EFFh \
  -ABANK15=0F00h-0F7Fh -ASFR=0F80h-0FFFh \
  -preset_vec=00h,intcode=08h,intcodelo=018h,powerup,init,end_init \
  -pramtop=01000h -psmallconst=SMALLCONST -pmediumconst=MEDIUMCONST \
  -pconst=CONST -AFARRAM=00h-00h -ACONFIG=0300000h-030000Dh -pconfig=CONFIG \
  -AIDLOC=0200000h-0200007h -pidloc=IDLOC -AEEDATA=0F00000h-0F003FFh \
  -peeprom_data=EEDATA \
  -prdata=COMRAM,nvrram=COMRAM,nvbit=COMRAM,rbss=COMRAM,rbit=COMRAM \
  -pfarbss=FARRAM,fardata=FARRAM,nvFARRAM=FARRAM \
  -pintsave_regs=BIGRAM,bigbss=BIGRAM,bigdata=BIGRAM -pbss=RAM \
  -pidata=CODE,irdata=CODE,ibigdata=CODE,ifardata=CODE /tmp/cgtRQBuiR.obj \
  dist/default/production/WordClock.X.production.obj 

Object code version is 3.11

Machine type is 18F4620

Call graph: (short form)




                Name                               Link     Load   Length Selector   Space Scale
/tmp/cgtRQBuiR.obj
                end_init                            1AC      1AC        4        C       0
                reset_vec                             0        0        4        0       0
                idloc                            200000   200000        8   200000       0
                config                           300000   300000        E   300000       0
dist/default/production/WordClock.X.production.obj
                intcodelo                            18       18      194        C       0
                intcode                               8        8       10        4       0
                smallconst                         1000     1000       1A      800       0
                text31                             2036     2036       14      FEC       0
                intcode_body                       18F0     18F0       BE      80D       0
                text29                             1F82     1F82       1E      80D       0
                text28                             2022     2022       14      FEC       0
                text27                             1F00     1F00       34      80D       0
                text26                             1A38     1A38       8A      80D       0
                text25                             1EBE     1EBE       42      80D       0
                text24                             1AC2     1AC2       88      80D       0
                text22                             1FA0     1FA0       1C      80D       0
                text21                             1D02     1D02       68      80D       0
                text20                             1C30     1C30       6A      80D       0
                text19                             1BC4     1BC4       6C      80D       0
                text18                             204C     204C        2      FEC       0
                text17                             204A     204A        2      FEC       0
                text16                             122A     122A      1F6      80D       0
                text15                             1F5C     1F5C       26      80D       0
                text14                             1F34     1F34       28      80D       0
                text13                             1DCC     1DCC       62      80D       0
                text12                             101A     101A      210      80D       0
                text11                             200C     200C       16      FEC       0
                text10                             1B4A     1B4A       7A      80D       0
                text9                              1C9A     1C9A       68      80D       0
                text8                              17F6     17F6       FA      80D       0
                text7                              16C0     16C0      136      80D       0
                text6                              1420     1420      158      80D       0
                text5                              1FF2     1FF2       1A      FEC       0
                text4                              1FD8     1FD8       1A      FEC       0
                text3                              1D6A     1D6A       62      80D       0
                text2                              1E78     1E78       46      80D       0
                text1                              19AE     19AE       8A      80D       0
                text0                              1578     1578      148      80D       0
                cstackCOMRAM                          1        1       39        1       1
                cstackBANK0                          C3       C3       18       80       1
                bssBANK1                            100      100       40      100       1
                dataBANK0                            A8       A8       1B       80       1
                bssBANK0                             80       80       28       80       1
                bssCOMRAM                            3A       3A       26        1       1
                cinit                              1E2E     1E2E       4A      80D       0
                nvCOMRAM                             60       60        4        1       1
                idataBANK0                         1FBC     1FBC       1B      80D       0

TOTAL           Name                               Link     Load   Length     Space
        CLASS   STACK          

        CLASS   CODE           
                end_init                            1AC      1AC        4         0
                intcodelo                            18       18      194         0
                intcode                               8        8       10         0
                reset_vec                             0        0        4         0
                text31                             2036     2036       14         0
                intcode_body                       18F0     18F0       BE         0
                text29                             1F82     1F82       1E         0
                text28                             2022     2022       14         0
                text27                             1F00     1F00       34         0
                text26                             1A38     1A38       8A         0
                text25                             1EBE     1EBE       42         0
                text24                             1AC2     1AC2       88         0
                text22                             1FA0     1FA0       1C         0
                text21                             1D02     1D02       68         0
                text20                             1C30     1C30       6A         0
                text19                             1BC4     1BC4       6C         0
                text18                             204C     204C        2         0
                text17                             204A     204A        2         0
                text16                             122A     122A      1F6         0
                text15                             1F5C     1F5C       26         0
                text14                             1F34     1F34       28         0
                text13                             1DCC     1DCC       62         0
                text12                             101A     101A      210         0
                text11                             200C     200C       16         0
                text10                             1B4A     1B4A       7A         0
                text9                              1C9A     1C9A       68         0
                text8                              17F6     17F6       FA         0
                text7                              16C0     16C0      136         0
                text6                              1420     1420      158         0
                text5                              1FF2     1FF2       1A         0
                text4                              1FD8     1FD8       1A         0
                text3                              1D6A     1D6A       62         0
                text2                              1E78     1E78       46         0
                text1                              19AE     19AE       8A         0
                text0                              1578     1578      148         0
                cinit                              1E2E     1E2E       4A         0
                idataBANK0                         1FBC     1FBC       1B         0

        CLASS   CONST          

        CLASS   SMALLCONST     
                smallconst                         1000     1000       1A         0

        CLASS   MEDIUMCONST    

        CLASS   COMRAM         
                cstackCOMRAM                          1        1       39         1
                bssCOMRAM                            3A       3A       26         1
                nvCOMRAM                             60       60        4         1

        CLASS   ABS1           

        CLASS   BIGRAM         

        CLASS   RAM            

        CLASS   BANK0          
                cstackBANK0                          C3       C3       18         1
                dataBANK0                            A8       A8       1B         1
                bssBANK0                             80       80       28         1

        CLASS   BANK1          
                bssBANK1                            100      100       40         1

        CLASS   BANK2          

        CLASS   BANK3          

        CLASS   BANK4          

        CLASS   BANK5          

        CLASS   BANK6          

        CLASS   BANK7          

        CLASS   BANK8          

        CLASS   BANK9          

        CLASS   BANK10         

        CLASS   BANK11         

        CLASS   BANK12         

        CLASS   BANK13         

        CLASS   BANK14         

        CLASS   BANK15         

        CLASS   SFR            

        CLASS   FARRAM         

        CLASS   CONFIG         
                config                           300000   300000        E         0

        CLASS   IDLOC          
                idloc                            200000   200000        8         0

        CLASS   EEDATA         



SEGMENTS        Name                           Load    Length   Top    Selector   Space  Class

                reset_vec                      000000  000004  000004         0       0  CODE    
                cstackCOMRAM                   000001  000063  000064         1       1  COMRAM  
                intcode                        000008  000010  000018         4       0  CODE    
                intcodelo                      000018  000198  0001B0         C       0  CODE    
                bssBANK0                       000080  00005B  0000DB        80       1  BANK0   
                bssBANK1                       000100  000040  000140       100       1  BANK1   
                smallconst                     001000  00001A  00101A       800       0  SMALLCON
                text12                         00101A  000FBD  001FD7       80D       0  CODE    
                text4                          001FD8  000076  00204E       FEC       0  CODE    
                idloc                          200000  000008  200008    200000       0  IDLOC   
                config                         300000  00000E  30000E    300000       0  CONFIG  


UNUSED ADDRESS RANGES

        Name                Unused          Largest block    Delta
        BANK0            0000DB-0000FF               25
        BANK1            000140-0001FF               C0
        BANK10           000A00-000AFF              100
        BANK11           000B00-000BFF              100
        BANK12           000C00-000CFF              100
        BANK13           000D00-000DFF              100
        BANK14           000E00-000EFF              100
        BANK15           000F00-000F7F               80
        BANK2            000200-0002FF              100
        BANK3            000300-0003FF              100
        BANK4            000400-0004FF              100
        BANK5            000500-0005FF              100
        BANK6            000600-0006FF              100
        BANK7            000700-0007FF              100
        BANK8            000800-0008FF              100
        BANK9            000900-0009FF              100
        BIGRAM           000064-00007F               1C
                         0000DB-0000FF               25
                         000140-000F7F              E40
        CODE             000004-000007                4
                         0001B0-000FFF              E50
                         001FD7-001FD7                1
                         00204E-00FFFF             DFB2
        COMRAM           000064-00007F               1C
        CONST            000004-000007                4
                         0001B0-000FFF              E50
                         001FD7-001FD7                1
                         00204E-00FFFF             DFB2
        EEDATA           F00000-F003FF              400
        MEDIUMCONST      001FD7-001FD7                1
                         00204E-00FFFF             DFB2
        RAM              0000DB-0000FF               25
                         000140-000F7F              100
        SFR              000F80-000FFF               80
        SMALLCONST       001FD7-001FD7                1
                         00204E-00FFFF              100
        STACK            000140-0009FF              8C0

                                  Symbol Table

?___awdiv                   cstackBANK0  0000C3
?___lwmod                   cstackBANK0  0000C3
?___wmul                    cstackBANK0  0000C3
?_strchr                    cstackCOMRAM 000014
?_strlen                    cstackBANK0  0000C3
?_strncmp                   cstackCOMRAM 00001A
?_strstr                    cstackCOMRAM 000023
?i1_strlen                  cstackCOMRAM 000014
CommFsmSched@FsmStat        cstackBANK0  0000D4
CommFsmSched@FsmStruct      cstackBANK0  0000D0
I2cBuffChk@I2cDevice        cstackBANK0  0000C5
I2cData@DevPtr              cstackBANK0  0000CA
I2cData@RxBytes             cstackBANK0  0000C8
I2cData@TX1                 cstackBANK0  0000C4
I2cData@TX2                 cstackBANK0  0000C5
I2cData@TX3                 cstackBANK0  0000C6
I2cData@TX4                 cstackBANK0  0000C7
I2cData@TxBytes             cstackBANK0  0000C3
OpenI2C@slew                cstackBANK0  0000C3
OpenI2C@sync_mode           cstackBANK0  0000C4
ReadUSART@data              cstackCOMRAM 000014
RtcReadTime@Tens            cstackBANK0  0000C4
RtcReadTime@Units           cstackBANK0  0000C3
RtcWriteTime@Tens           cstackBANK0  0000D0
RtcWriteTime@Units          cstackBANK0  0000CF
SetTimer0@Count             cstackCOMRAM 000014
SetTimer1@Count             cstackBANK0  0000C3
SetTimer3@Count             cstackBANK0  0000C3
StartCommFsmSched@FsmStruct cstackBANK0  0000C3
StartRx@TxStr               cstackBANK0  0000C3
StartTx@TxStr               cstackBANK0  0000CD
_ADCON1bits                 (abs)        000FC1
_BAUDCONbits                (abs)        000FB8
_CommFsmFlag                bssCOMRAM    000046
_CommFsmIdle                text17       00204A
_CommFsmSched               text16       00122A
_CommFsmState               dataBANK0    0000A8
_CommSetting                text15       001F5C
_DutyCycle                  bssCOMRAM    00003A
_FsmIndx                    bssCOMRAM    000047
_FsmStructActive            bssCOMRAM    00003C
_Hour                       bssBANK0     000080
_I2c                        bssCOMRAM    000056
_I2cAdr                     bssCOMRAM    000048
_I2cBuffChk                 text9        001C9A
_I2cBuffChk$1337            cstackBANK0  0000C4
_I2cBusCollFlag             bssCOMRAM    000049
_I2cBusyFlag                bssCOMRAM    00004A
_I2cData                    text8        0017F6
_I2cDevPtr                  bssCOMRAM    00004B
_I2cEventFlag               bssCOMRAM    00004C
_I2cSettings                text12       00101A
_I2cStat                    bssCOMRAM    00004D
_INTCON2bits                (abs)        000FF1
_INTCONbits                 (abs)        000FF2
_IPR1bits                   (abs)        000F9F
_IPR2bits                   (abs)        000FA2
_InterruptSettings          text11       00200C
_LATBbits                   (abs)        000F8A
_Min                        bssBANK0     000081
_NtpHour                    bssBANK0     000082
_NtpMin                     bssBANK0     000083
_NtpSec                     bssBANK0     000084
_OneHzTick                  bssCOMRAM    00003E
_OpenI2C                    text14       001F34
_PIE1bits                   (abs)        000F9D
_PIE2bits                   (abs)        000FA0
_PIR1bits                   (abs)        000F9E
_PIR2bits                   (abs)        000FA1
_Ptr                        bssCOMRAM    00004E
_RCONbits                   (abs)        000FD0
_RCREG                      (abs)        000FAE
_RCSTAbits                  (abs)        000FAB
_RXbuff                     bssBANK1     000100
_RXerr                      bssCOMRAM    000040
_ReadTimeFsm                dataBANK0    0000AA
_ReadUSART                  text29       001F82
_RtcReadTime                text10       001B4A
_RtcWriteTime               text6        001420
_RxBuffIndx                 bssCOMRAM    00004F
_RxFlag                     bssCOMRAM    000050
_RxFsmFlag                  bssBANK0     000085
_SPBRG                      (abs)        000FAF
_SPBRGH                     (abs)        000FB0
_SSPADD                     (abs)        000FC8
_SSPBUF                     (abs)        000FC9
_SSPCON1                    (abs)        000FC6
_SSPCON2                    (abs)        000FC5
_SSPCON2bits                (abs)        000FC5
_SSPSTAT                    (abs)        000FC7
_START                      (abs)        007E3B
_Sec                        bssBANK0     000086
_SetTimer0                  text28       002022
_SetTimer1                  text5        001FF2
_SetTimer3                  text4        001FD8
_Settings                   text3        001D6A
_StartCommFsmSched          text2        001E78
_StartRx                    text22       001FA0
_StartTx                    text19       001BC4
_T0CONbits                  (abs)        000FD5
_T1CONbits                  (abs)        000FCD
_T3CONbits                  (abs)        000FB1
_TMR0H                      (abs)        000FD7
_TMR0L                      (abs)        000FD6
_TMR1H                      (abs)        000FCF
_TMR1L                      (abs)        000FCE
_TMR3H                      (abs)        000FB3
_TMR3L                      (abs)        000FB2
_TRISA                      (abs)        000F92
_TRISB                      (abs)        000F93
_TRISC                      (abs)        000F94
_TRISCbits                  (abs)        000F94
_TRISE                      (abs)        000F96
_TXREG                      (abs)        000FAD
_TXSTAbits                  (abs)        000FAC
_TimeDecode                 text18       00204C
_Timer0_ms                  nvCOMRAM     000060
_Timer3_ms                  nvCOMRAM     000062
_TimerStatus                bssCOMRAM    000051
_TxBuff                     bssBANK0     000088
_TxBuffIndx                 bssCOMRAM    000052
_TxBuffLen                  bssCOMRAM    000053
_TxFsmFlag                  bssBANK0     000087
_USART_Status               bssCOMRAM    000054
_VARbits1                   bssCOMRAM    000055
__CFG_BOREN$SBORDIS         (abs)        000000
__CFG_BORV$1                (abs)        000000
__CFG_LVP$OFF               (abs)        000000
__CFG_OSC$HSPLL             (abs)        000000
__CFG_WDT$ON                (abs)        000000
__CFG_WDTPS$256             (abs)        000000
__HRAM                      (abs)        000000
__Habs1                     abs1         000000
__Hbank0                    bank0        000000
__Hbank1                    bank1        000000
__Hbank10                   bank10       000000
__Hbank11                   bank11       000000
__Hbank12                   bank12       000000
__Hbank13                   bank13       000000
__Hbank14                   bank14       000000
__Hbank15                   bank15       000000
__Hbank2                    bank2        000000
__Hbank3                    bank3        000000
__Hbank4                    bank4        000000
__Hbank5                    bank5        000000
__Hbank6                    bank6        000000
__Hbank7                    bank7        000000
__Hbank8                    bank8        000000
__Hbank9                    bank9        000000
__Hbigbss                   bigbss       000000
__Hbigdata                  bigdata      000000
__Hbigram                   bigram       000000
__Hbss                      bss          000000
__HbssBANK0                 bssBANK0     000000
__HbssBANK1                 bssBANK1     000000
__HbssCOMRAM                bssCOMRAM    000000
__Hcinit                    cinit        000000
__Hclrtext                  clrtext      000000
__Hcomram                   comram       000000
__Hconfig                   config       30000E
__Hconst                    const        000000
__HcstackBANK0              cstackBANK0  000000
__HcstackCOMRAM             cstackCOMRAM 000000
__Hdata                     data         000000
__HdataBANK0                dataBANK0    000000
__Heeprom_data              eeprom_data  000000
__Hend_init                 end_init     0001B0
__Hfarbss                   farbss       000000
__Hfardata                  fardata      000000
__Hibigdata                 ibigdata     000000
__Hidata                    idata        000000
__HidataBANK0               idataBANK0   000000
__Hidloc                    idloc        200008
__Hifardata                 ifardata     000000
__Hinit                     init         0001AC
__Hintcode                  intcode      000018
__Hintcode_body             intcode_body 000000
__Hintcodelo                intcodelo    0001AC
__Hintentry                 intentry     000000
__Hintret                   intret       000000
__Hintsave_regs             intsave_regs 000000
__Hirdata                   irdata       000000
__Hmediumconst              mediumconst  000000
__HnvCOMRAM                 nvCOMRAM     000000
__HnvFARRAM                 nvFARRAM     000000
__Hnvbit                    nvbit        000000
__Hnvrram                   nvrram       000000
__Hparam                    rparam       000000
__Hpowerup                  powerup      0001AC
__Hram                      ram          000000
__Hramtop                   ramtop       001000
__Hrbit                     rbit         000000
__Hrbss                     rbss         000000
__Hrdata                    rdata        000000
__Hreset_vec                reset_vec    000004
__Hrparam                   rparam       000000
__Hsfr                      sfr          000000
__Hsmallconst               smallconst   00101A
__Hstack                    stack        000000
__Hstruct                   struct       000000
__Htemp                     temp         000000
__Htext                     text         000000
__Htext0                    text0        000000
__Htext1                    text1        000000
__Htext10                   text10       000000
__Htext11                   text11       000000
__Htext12                   text12       000000
__Htext13                   text13       000000
__Htext14                   text14       000000
__Htext15                   text15       000000
__Htext16                   text16       000000
__Htext17                   text17       000000
__Htext18                   text18       000000
__Htext19                   text19       000000
__Htext2                    text2        000000
__Htext20                   text20       000000
__Htext21                   text21       000000
__Htext22                   text22       000000
__Htext24                   text24       000000
__Htext25                   text25       000000
__Htext26                   text26       000000
__Htext27                   text27       000000
__Htext28                   text28       000000
__Htext29                   text29       000000
__Htext3                    text3        000000
__Htext31                   text31       000000
__Htext32                   text32       000000
__Htext4                    text4        000000
__Htext5                    text5        000000
__Htext6                    text6        000000
__Htext7                    text7        000000
__Htext8                    text8        000000
__Htext9                    text9        000000
__LRAM                      (abs)        000001
__Labs1                     abs1         000000
__Lbank0                    bank0        000000
__Lbank1                    bank1        000000
__Lbank10                   bank10       000000
__Lbank11                   bank11       000000
__Lbank12                   bank12       000000
__Lbank13                   bank13       000000
__Lbank14                   bank14       000000
__Lbank15                   bank15       000000
__Lbank2                    bank2        000000
__Lbank3                    bank3        000000
__Lbank4                    bank4        000000
__Lbank5                    bank5        000000
__Lbank6                    bank6        000000
__Lbank7                    bank7        000000
__Lbank8                    bank8        000000
__Lbank9                    bank9        000000
__Lbigbss                   bigbss       000000
__Lbigdata                  bigdata      000000
__Lbigram                   bigram       000000
__Lbss                      bss          000000
__LbssBANK0                 bssBANK0     000000
__LbssBANK1                 bssBANK1     000000
__LbssCOMRAM                bssCOMRAM    000000
__Lcinit                    cinit        000000
__Lclrtext                  clrtext      000000
__Lcomram                   comram       000000
__Lconfig                   config       300000
__Lconst                    const        000000
__LcstackBANK0              cstackBANK0  000000
__LcstackCOMRAM             cstackCOMRAM 000000
__Ldata                     data         000000
__LdataBANK0                dataBANK0    000000
__Leeprom_data              eeprom_data  000000
__Lend_init                 end_init     0001AC
__Lfarbss                   farbss       000000
__Lfardata                  fardata      000000
__Libigdata                 ibigdata     000000
__Lidata                    idata        000000
__LidataBANK0               idataBANK0   000000
__Lidloc                    idloc        200000
__Lifardata                 ifardata     000000
__Linit                     init         0001AC
__Lintcode                  intcode      000008
__Lintcode_body             intcode_body 000000
__Lintcodelo                intcodelo    000018
__Lintentry                 intentry     000000
__Lintret                   intret       000000
__Lintsave_regs             intsave_regs 000000
__Lirdata                   irdata       000000
__Lmediumconst              mediumconst  000000
__LnvCOMRAM                 nvCOMRAM     000000
__LnvFARRAM                 nvFARRAM     000000
__Lnvbit                    nvbit        000000
__Lnvrram                   nvrram       000000
__Lparam                    rparam       000000
__Lpowerup                  powerup      0001AC
__Lram                      ram          000000
__Lramtop                   ramtop       001000
__Lrbit                     rbit         000000
__Lrbss                     rbss         000000
__Lrdata                    rdata        000000
__Lreset_vec                reset_vec    000000
__Lrparam                   rparam       000000
__Lsfr                      sfr          000000
__Lsmallconst               smallconst   001000
__Lstack                    stack        000000
__Lstruct                   struct       000000
__Ltemp                     temp         000000
__Ltext                     text         000000
__Ltext0                    text0        000000
__Ltext1                    text1        000000
__Ltext10                   text10       000000
__Ltext11                   text11       000000
__Ltext12                   text12       000000
__Ltext13                   text13       000000
__Ltext14                   text14       000000
__Ltext15                   text15       000000
__Ltext16                   text16       000000
__Ltext17                   text17       000000
__Ltext18                   text18       000000
__Ltext19                   text19       000000
__Ltext2                    text2        000000
__Ltext20                   text20       000000
__Ltext21                   text21       000000
__Ltext22                   text22       000000
__Ltext24                   text24       000000
__Ltext25                   text25       000000
__Ltext26                   text26       000000
__Ltext27                   text27       000000
__Ltext28                   text28       000000
__Ltext29                   text29       000000
__Ltext3                    text3        000000
__Ltext31                   text31       000000
__Ltext32                   text32       000000
__Ltext4                    text4        000000
__Ltext5                    text5        000000
__Ltext6                    text6        000000
__Ltext7                    text7        000000
__Ltext8                    text8        000000
__Ltext9                    text9        000000
__S0                        (abs)        30000E
__S1                        (abs)        000140
__S2                        (abs)        000000
___awdiv                    text7        0016C0
___awdiv@counter            cstackBANK0  0000C8
___awdiv@dividend           cstackBANK0  0000C3
___awdiv@divisor            cstackBANK0  0000C5
___awdiv@quotient           cstackBANK0  0000CA
___awdiv@sign               cstackBANK0  0000C9
___inthi_sp                 stack        000000
___intlo_sp                 stack        000000
___lwmod                    text1        0019AE
___lwmod@counter            cstackBANK0  0000C8
___lwmod@dividend           cstackBANK0  0000C3
___lwmod@divisor            cstackBANK0  0000C5
___sp                       stack        000000
___wmul                     text13       001DCC
___wmul@multiplicand        cstackBANK0  0000C5
___wmul@multiplier          cstackBANK0  0000C3
___wmul@product             cstackBANK0  0000C7
__accesstop                 (abs)        000080
__activetblptr              (abs)        000003
__end_of_CommFsmIdle        text17       00204C
__end_of_CommFsmSched       text16       001420
__end_of_CommSetting        text15       001F82
__end_of_I2cBuffChk         text9        001D02
__end_of_I2cData            text8        0018F0
__end_of_I2cSettings        text12       00122A
__end_of_InterruptSettings  text11       002022
__end_of_OpenI2C            text14       001F5C
__end_of_ReadUSART          text29       001FA0
__end_of_RtcReadTime        text10       001BC4
__end_of_RtcWriteTime       text6        001578
__end_of_SetTimer0          text28       002036
__end_of_SetTimer1          text5        00200C
__end_of_SetTimer3          text4        001FF2
__end_of_Settings           text3        001DCC
__end_of_StartCommFsmSched  text2        001EBE
__end_of_StartRx            text22       001FBC
__end_of_StartTx            text19       001C30
__end_of_TimeDecode         text18       00204E
__end_of___awdiv            text7        0017F6
__end_of___lwmod            text1        001A38
__end_of___wmul             text13       001E2E
__end_of__initialization    cinit        001E72
__end_of__stringdata        smallconst   001018
__end_of_high_isr           intcode_body 0019AE
__end_of_low_isr            intcodelo    0001AC
__end_of_main               text0        0016C0
__end_of_memcpy             text21       001D6A
__end_of_strchr             text27       001F34
__end_of_strlen             text20       001C9A
__end_of_strncmp            text26       001AC2
__end_of_strstr             text24       001B4A
__end_ofi1_strlen           text25       001F00
__end_ofi2_SetTimer3        text31       00204A
__initialization            cinit        001E2E
__mediumconst               mediumconst  000000
__pbssBANK0                 bssBANK0     000080
__pbssBANK1                 bssBANK1     000100
__pbssCOMRAM                bssCOMRAM    00003A
__pcinit                    cinit        001E2E
__pcstackBANK0              cstackBANK0  0000C3
__pcstackCOMRAM             cstackCOMRAM 000001
__pdataBANK0                dataBANK0    0000A8
__pidataBANK0               idataBANK0   001FBC
__pintcode                  intcode      000008
__pintcode_body             intcode_body 0018F0
__pintcodelo                intcodelo    000018
__pnvCOMRAM                 nvCOMRAM     000060
__psmallconst               smallconst   001000
__ptext0                    text0        001578
__ptext1                    text1        0019AE
__ptext10                   text10       001B4A
__ptext11                   text11       00200C
__ptext12                   text12       00101A
__ptext13                   text13       001DCC
__ptext14                   text14       001F34
__ptext15                   text15       001F5C
__ptext16                   text16       00122A
__ptext17                   text17       00204A
__ptext18                   text18       00204C
__ptext19                   text19       001BC4
__ptext2                    text2        001E78
__ptext20                   text20       001C30
__ptext21                   text21       001D02
__ptext22                   text22       001FA0
__ptext24                   text24       001AC2
__ptext25                   text25       001EBE
__ptext26                   text26       001A38
__ptext27                   text27       001F00
__ptext28                   text28       002022
__ptext29                   text29       001F82
__ptext3                    text3        001D6A
__ptext31                   text31       002036
__ptext32                   text32       000000
__ptext4                    text4        001FD8
__ptext5                    text5        001FF2
__ptext6                    text6        001420
__ptext7                    text7        0016C0
__ptext8                    text8        0017F6
__ptext9                    text9        001C9A
__ramtop                    ramtop       001000
__size_of_CommFsmIdle       (abs)        000000
__size_of_CommFsmSched      (abs)        000000
__size_of_CommSetting       (abs)        000000
__size_of_I2cBuffChk        (abs)        000000
__size_of_I2cData           (abs)        000000
__size_of_I2cSettings       (abs)        000000
__size_of_InterruptSettings (abs)        000000
__size_of_OpenI2C           (abs)        000000
__size_of_ReadUSART         (abs)        000000
__size_of_RtcReadTime       (abs)        000000
__size_of_RtcWriteTime      (abs)        000000
__size_of_SetTimer0         (abs)        000000
__size_of_SetTimer1         (abs)        000000
__size_of_SetTimer3         (abs)        000000
__size_of_Settings          (abs)        000000
__size_of_StartCommFsmSched (abs)        000000
__size_of_StartRx           (abs)        000000
__size_of_StartTx           (abs)        000000
__size_of_TimeDecode        (abs)        000000
__size_of___awdiv           (abs)        000000
__size_of___lwmod           (abs)        000000
__size_of___wmul            (abs)        000000
__size_of_high_isr          (abs)        000000
__size_of_low_isr           (abs)        000000
__size_of_main              (abs)        000000
__size_of_memcpy            (abs)        000000
__size_of_strchr            (abs)        000000
__size_of_strlen            (abs)        000000
__size_of_strncmp           (abs)        000000
__size_of_strstr            (abs)        000000
__size_ofi1_strlen          (abs)        000000
__size_ofi2_SetTimer3       (abs)        000000
__smallconst                smallconst   001000
__stringdata                smallconst   001001
_high_isr                   intcode      000008
_i                          bssCOMRAM    000042
_j                          bssCOMRAM    000044
_low_isr                    intcodelo    000018
_main                       text0        001578
_memcpy                     text21       001D02
_strchr                     text27       001F00
_strlen                     text20       001C30
_strncmp                    text26       001A38
_strstr                     text24       001AC2
end_of_initialization       cinit        001E72
i1_strlen                   text25       001EBE
i1strlen@cp                 cstackCOMRAM 000018
i1strlen@s                  cstackCOMRAM 000014
i2SetTimer3@Count           cstackCOMRAM 000001
i2_SetTimer3                text31       002036
int_func                    intcode_body 0018F0
intlevel0                   text         000000
intlevel1                   text         000000
intlevel2                   text         000000
intlevel3                   text         000000
memcpy@d                    cstackBANK0  0000C9
memcpy@d1                   cstackBANK0  0000C3
memcpy@n                    cstackBANK0  0000C7
memcpy@s                    cstackBANK0  0000CB
memcpy@s1                   cstackBANK0  0000C5
stackhi                     (abs)        0009FF
stacklo                     (abs)        000140
start                       init         0001AC
start_initialization        cinit        001E2E
strchr@chr                  cstackCOMRAM 000016
strchr@ptr                  cstackCOMRAM 000014
strlen@cp                   cstackBANK0  0000C7
strlen@s                    cstackBANK0  0000C3
strncmp@len                 cstackCOMRAM 00001E
strncmp@s1                  cstackCOMRAM 00001A
strncmp@s2                  cstackCOMRAM 00001C
strstr@s1                   cstackCOMRAM 000023
strstr@s2                   cstackCOMRAM 000025


FUNCTION INFORMATION:

 *************** function _main *****************
 Defined at:
		line 52 in file "../WordClock.c"
 Parameters:    Size  Location     Type
		None
 Auto vars:     Size  Location     Type
		None
 Return value:  Size  Location     Type
		None               void
 Registers used:
		wreg, fsr2l, fsr2h, status,2, status,0, pclat, tosl, tblptrl, tblptrh, tblptru, prodl, prodh, cstack
 Tracked objects:
		On entry : 
		On exit  : 
		Unchanged: 
 Data sizes:     COMRAM   BANK0   BANK1   BANK2   BANK3   BANK4   BANK5   BANK6   BANK7   BANK8   BANK9  BANK10  BANK11  BANK12  BANK13  BANK14  BANK15
      Params:         0       0       0       0       0       0       0       0       0       0       0       0       0       0       0       0       0
      Locals:         0       0       0       0       0       0       0       0       0       0       0       0       0       0       0       0       0
      Temps:          0       6       0       0       0       0       0       0       0       0       0       0       0       0       0       0       0
      Totals:         0       6       0       0       0       0       0       0       0       0       0       0       0       0       0       0       0
Total ram usage:        6 bytes
 Hardware stack levels required when called:    8
 This function calls:
		_CommFsmSched
		_CommSetting
		_I2cBuffChk
		_I2cData
		_I2cSettings
		_InterruptSettings
		_RtcReadTime
		_RtcWriteTime
		_SetTimer1
		_SetTimer3
		_Settings
		_StartCommFsmSched
		___lwmod
 This function is called by:
		Startup code after reset
 This function uses a non-reentrant model


 *************** function ___lwmod *****************
 Defined at:
		line 8 in file "/Applications/microchip/xc8/v1.31/sources/common/lwmod.c"
 Parameters:    Size  Location     Type
  dividend        2    0[BANK0 ] unsigned int 
  divisor         2    2[BANK0 ] unsigned int 
 Auto vars:     Size  Location     Type
  counter         1    5[BANK0 ] unsigned char 
 Return value:  Size  Location     Type
                  2    0[BANK0 ] unsigned int 
 Registers used:
		wreg, status,2, status,0
 Tracked objects:
		On entry : 
		On exit  : 
		Unchanged: 
 Data sizes:     COMRAM   BANK0   BANK1   BANK2   BANK3   BANK4   BANK5   BANK6   BANK7   BANK8   BANK9  BANK10  BANK11  BANK12  BANK13  BANK14  BANK15
      Params:         0       4       0       0       0       0       0       0       0       0       0       0       0       0       0       0       0
      Locals:         0       1       0       0       0       0       0       0       0       0       0       0       0       0       0       0       0
      Temps:          0       1       0       0       0       0       0       0       0       0       0       0       0       0       0       0       0
      Totals:         0       6       0       0       0       0       0       0       0       0       0       0       0       0       0       0       0
Total ram usage:        6 bytes
 Hardware stack levels used:    1
 Hardware stack levels required when called:    5
 This function calls:
		Nothing
 This function is called by:
		_main
 This function uses a non-reentrant model


 *************** function _StartCommFsmSched *****************
 Defined at:
		line 62 in file "../comm.c"
 Parameters:    Size  Location     Type
  FsmStruct       2    0[BANK0 ] PTR struct FsmTable
		 -> ReadTimeFsm(25), 
 Auto vars:     Size  Location     Type
		None
 Return value:  Size  Location     Type
		None               void
 Registers used:
		wreg, status,2, status,0
 Tracked objects:
		On entry : 
		On exit  : 
		Unchanged: 
 Data sizes:     COMRAM   BANK0   BANK1   BANK2   BANK3   BANK4   BANK5   BANK6   BANK7   BANK8   BANK9  BANK10  BANK11  BANK12  BANK13  BANK14  BANK15
      Params:         0       2       0       0       0       0       0       0       0       0       0       0       0       0       0       0       0
      Locals:         0       0       0       0       0       0       0       0       0       0       0       0       0       0       0       0       0
      Temps:          0       1       0       0       0       0       0       0       0       0       0       0       0       0       0       0       0
      Totals:         0       3       0       0       0       0       0       0       0       0       0       0       0       0       0       0       0
Total ram usage:        3 bytes
 Hardware stack levels used:    1
 Hardware stack levels required when called:    5
 This function calls:
		Nothing
 This function is called by:
		_main
 This function uses a non-reentrant model


 *************** function _Settings *****************
 Defined at:
		line 6 in file "../settings.c"
 Parameters:    Size  Location     Type
		None
 Auto vars:     Size  Location     Type
		None
 Return value:  Size  Location     Type
		None               void
 Registers used:
		wreg, status,2
 Tracked objects:
		On entry : 
		On exit  : 
		Unchanged: 
 Data sizes:     COMRAM   BANK0   BANK1   BANK2   BANK3   BANK4   BANK5   BANK6   BANK7   BANK8   BANK9  BANK10  BANK11  BANK12  BANK13  BANK14  BANK15
      Params:         0       0       0       0       0       0       0       0       0       0       0       0       0       0       0       0       0
      Locals:         0       0       0       0       0       0       0       0       0       0       0       0       0       0       0       0       0
      Temps:          0       0       0       0       0       0       0       0       0       0       0       0       0       0       0       0       0
      Totals:         0       0       0       0       0       0       0       0       0       0       0       0       0       0       0       0       0
Total ram usage:        0 bytes
 Hardware stack levels used:    1
 Hardware stack levels required when called:    5
 This function calls:
		Nothing
 This function is called by:
		_main
 This function uses a non-reentrant model


 *************** function _SetTimer3 *****************
 Defined at:
		line 174 in file "../WordClock.c"
 Parameters:    Size  Location     Type
  Count           2    0[BANK0 ] int 
 Auto vars:     Size  Location     Type
		None
 Return value:  Size  Location     Type
		None               void
 Registers used:
		wreg, status,2
 Tracked objects:
		On entry : 
		On exit  : 
		Unchanged: 
 Data sizes:     COMRAM   BANK0   BANK1   BANK2   BANK3   BANK4   BANK5   BANK6   BANK7   BANK8   BANK9  BANK10  BANK11  BANK12  BANK13  BANK14  BANK15
      Params:         0       2       0       0       0       0       0       0       0       0       0       0       0       0       0       0       0
      Locals:         0       0       0       0       0       0       0       0       0       0       0       0       0       0       0       0       0
      Temps:          0       2       0       0       0       0       0       0       0       0       0       0       0       0       0       0       0
      Totals:         0       4       0       0       0       0       0       0       0       0       0       0       0       0       0       0       0
Total ram usage:        4 bytes
 Hardware stack levels used:    1
 Hardware stack levels required when called:    5
 This function calls:
		Nothing
 This function is called by:
		_main
 This function uses a non-reentrant model


 *************** function _SetTimer1 *****************
 Defined at:
		line 166 in file "../WordClock.c"
 Parameters:    Size  Location     Type
  Count           2    0[BANK0 ] int 
 Auto vars:     Size  Location     Type
		None
 Return value:  Size  Location     Type
		None               void
 Registers used:
		wreg, status,2
 Tracked objects:
		On entry : 
		On exit  : 
		Unchanged: 
 Data sizes:     COMRAM   BANK0   BANK1   BANK2   BANK3   BANK4   BANK5   BANK6   BANK7   BANK8   BANK9  BANK10  BANK11  BANK12  BANK13  BANK14  BANK15
      Params:         0       2       0       0       0       0       0       0       0       0       0       0       0       0       0       0       0
      Locals:         0       0       0       0       0       0       0       0       0       0       0       0       0       0       0       0       0
      Temps:          0       2       0       0       0       0       0       0       0       0       0       0       0       0       0       0       0
      Totals:         0       4       0       0       0       0       0       0       0       0       0       0       0       0       0       0       0
Total ram usage:        4 bytes
 Hardware stack levels used:    1
 Hardware stack levels required when called:    5
 This function calls:
		Nothing
 This function is called by:
		_main
 This function uses a non-reentrant model


 *************** function _RtcWriteTime *****************
 Defined at:
		line 205 in file "../WordClock.c"
 Parameters:    Size  Location     Type
		None
 Auto vars:     Size  Location     Type
  Tens            1   13[BANK0 ] unsigned char 
  Units           1   12[BANK0 ] unsigned char 
 Return value:  Size  Location     Type
		None               void
 Registers used:
		wreg, fsr2l, fsr2h, status,2, status,0, prodl, prodh, cstack
 Tracked objects:
		On entry : 
		On exit  : 
		Unchanged: 
 Data sizes:     COMRAM   BANK0   BANK1   BANK2   BANK3   BANK4   BANK5   BANK6   BANK7   BANK8   BANK9  BANK10  BANK11  BANK12  BANK13  BANK14  BANK15
      Params:         0       0       0       0       0       0       0       0       0       0       0       0       0       0       0       0       0
      Locals:         0       2       0       0       0       0       0       0       0       0       0       0       0       0       0       0       0
      Temps:          0       3       0       0       0       0       0       0       0       0       0       0       0       0       0       0       0
      Totals:         0       5       0       0       0       0       0       0       0       0       0       0       0       0       0       0       0
Total ram usage:        5 bytes
 Hardware stack levels used:    1
 Hardware stack levels required when called:    6
 This function calls:
		_I2cBuffChk
		_I2cData
		___awdiv
 This function is called by:
		_main
 This function uses a non-reentrant model


 *************** function ___awdiv *****************
 Defined at:
		line 8 in file "/Applications/microchip/xc8/v1.31/sources/common/awdiv.c"
 Parameters:    Size  Location     Type
  dividend        2    0[BANK0 ] int 
  divisor         2    2[BANK0 ] int 
 Auto vars:     Size  Location     Type
  quotient        2    7[BANK0 ] int 
  sign            1    6[BANK0 ] unsigned char 
  counter         1    5[BANK0 ] unsigned char 
 Return value:  Size  Location     Type
                  2    0[BANK0 ] int 
 Registers used:
		wreg, status,2, status,0, prodl
 Tracked objects:
		On entry : 
		On exit  : 
		Unchanged: 
 Data sizes:     COMRAM   BANK0   BANK1   BANK2   BANK3   BANK4   BANK5   BANK6   BANK7   BANK8   BANK9  BANK10  BANK11  BANK12  BANK13  BANK14  BANK15
      Params:         0       4       0       0       0       0       0       0       0       0       0       0       0       0       0       0       0
      Locals:         0       4       0       0       0       0       0       0       0       0       0       0       0       0       0       0       0
      Temps:          0       1       0       0       0       0       0       0       0       0       0       0       0       0       0       0       0
      Totals:         0       9       0       0       0       0       0       0       0       0       0       0       0       0       0       0       0
Total ram usage:        9 bytes
 Hardware stack levels used:    1
 Hardware stack levels required when called:    5
 This function calls:
		Nothing
 This function is called by:
		_RtcWriteTime
 This function uses a non-reentrant model


 *************** function _I2cData *****************
 Defined at:
		line 309 in file "../myi2c.c"
 Parameters:    Size  Location     Type
  DevPtr          1    wreg     unsigned char 
  TxBytes         1    0[BANK0 ] unsigned char 
  TX1             1    1[BANK0 ] unsigned char 
  TX2             1    2[BANK0 ] unsigned char 
  TX3             1    3[BANK0 ] unsigned char 
  TX4             1    4[BANK0 ] unsigned char 
  RxBytes         1    5[BANK0 ] unsigned char 
 Auto vars:     Size  Location     Type
  DevPtr          1    7[BANK0 ] unsigned char 
 Return value:  Size  Location     Type
		None               void
 Registers used:
		wreg, fsr2l, fsr2h, status,2, status,0, prodl, prodh
 Tracked objects:
		On entry : 
		On exit  : 
		Unchanged: 
 Data sizes:     COMRAM   BANK0   BANK1   BANK2   BANK3   BANK4   BANK5   BANK6   BANK7   BANK8   BANK9  BANK10  BANK11  BANK12  BANK13  BANK14  BANK15
      Params:         0       6       0       0       0       0       0       0       0       0       0       0       0       0       0       0       0
      Locals:         0       1       0       0       0       0       0       0       0       0       0       0       0       0       0       0       0
      Temps:          0       1       0       0       0       0       0       0       0       0       0       0       0       0       0       0       0
      Totals:         0       8       0       0       0       0       0       0       0       0       0       0       0       0       0       0       0
Total ram usage:        8 bytes
 Hardware stack levels used:    1
 Hardware stack levels required when called:    5
 This function calls:
		Nothing
 This function is called by:
		_main
		_RtcWriteTime
		_RtcInit
 This function uses a non-reentrant model


 *************** function _I2cBuffChk *****************
 Defined at:
		line 304 in file "../myi2c.c"
 Parameters:    Size  Location     Type
  I2cDevice       1    wreg     unsigned char 
 Auto vars:     Size  Location     Type
  I2cDevice       1    2[BANK0 ] unsigned char 
 Return value:  Size  Location     Type
                  1    wreg      unsigned char 
 Registers used:
		wreg, fsr2l, fsr2h, status,2, status,0, prodl, prodh
 Tracked objects:
		On entry : 
		On exit  : 
		Unchanged: 
 Data sizes:     COMRAM   BANK0   BANK1   BANK2   BANK3   BANK4   BANK5   BANK6   BANK7   BANK8   BANK9  BANK10  BANK11  BANK12  BANK13  BANK14  BANK15
      Params:         0       0       0       0       0       0       0       0       0       0       0       0       0       0       0       0       0
      Locals:         0       2       0       0       0       0       0       0       0       0       0       0       0       0       0       0       0
      Temps:          0       1       0       0       0       0       0       0       0       0       0       0       0       0       0       0       0
      Totals:         0       3       0       0       0       0       0       0       0       0       0       0       0       0       0       0       0
Total ram usage:        3 bytes
 Hardware stack levels used:    1
 Hardware stack levels required when called:    5
 This function calls:
		Nothing
 This function is called by:
		_main
		_RtcWriteTime
 This function uses a non-reentrant model


 *************** function _RtcReadTime *****************
 Defined at:
		line 185 in file "../WordClock.c"
 Parameters:    Size  Location     Type
		None
 Auto vars:     Size  Location     Type
  Tens            1    1[BANK0 ] unsigned char 
  Units           1    0[BANK0 ] unsigned char 
 Return value:  Size  Location     Type
		None               void
 Registers used:
		wreg, status,2, status,0, prodl, prodh
 Tracked objects:
		On entry : 
		On exit  : 
		Unchanged: 
 Data sizes:     COMRAM   BANK0   BANK1   BANK2   BANK3   BANK4   BANK5   BANK6   BANK7   BANK8   BANK9  BANK10  BANK11  BANK12  BANK13  BANK14  BANK15
      Params:         0       0       0       0       0       0       0       0       0       0       0       0       0       0       0       0       0
      Locals:         0       2       0       0       0       0       0       0       0       0       0       0       0       0       0       0       0
      Temps:          0       0       0       0       0       0       0       0       0       0       0       0       0       0       0       0       0
      Totals:         0       2       0       0       0       0       0       0       0       0       0       0       0       0       0       0       0
Total ram usage:        2 bytes
 Hardware stack levels used:    1
 Hardware stack levels required when called:    5
 This function calls:
		Nothing
 This function is called by:
		_main
 This function uses a non-reentrant model


 *************** function _InterruptSettings *****************
 Defined at:
		line 111 in file "../settings.c"
 Parameters:    Size  Location     Type
		None
 Auto vars:     Size  Location     Type
		None
 Return value:  Size  Location     Type
		None               void
 Registers used:
		None
 Tracked objects:
		On entry : 
		On exit  : 
		Unchanged: 
 Data sizes:     COMRAM   BANK0   BANK1   BANK2   BANK3   BANK4   BANK5   BANK6   BANK7   BANK8   BANK9  BANK10  BANK11  BANK12  BANK13  BANK14  BANK15
      Params:         0       0       0       0       0       0       0       0       0       0       0       0       0       0       0       0       0
      Locals:         0       0       0       0       0       0       0       0       0       0       0       0       0       0       0       0       0
      Temps:          0       0       0       0       0       0       0       0       0       0       0       0       0       0       0       0       0
      Totals:         0       0       0       0       0       0       0       0       0       0       0       0       0       0       0       0       0
Total ram usage:        0 bytes
 Hardware stack levels used:    1
 Hardware stack levels required when called:    5
 This function calls:
		Nothing
 This function is called by:
		_main
 This function uses a non-reentrant model


 *************** function _I2cSettings *****************
 Defined at:
		line 84 in file "../myi2c.c"
 Parameters:    Size  Location     Type
		None
 Auto vars:     Size  Location     Type
		None
 Return value:  Size  Location     Type
		None               void
 Registers used:
		wreg, fsr2l, fsr2h, status,2, status,0, prodl, prodh, cstack
 Tracked objects:
		On entry : 
		On exit  : 
		Unchanged: 
 Data sizes:     COMRAM   BANK0   BANK1   BANK2   BANK3   BANK4   BANK5   BANK6   BANK7   BANK8   BANK9  BANK10  BANK11  BANK12  BANK13  BANK14  BANK15
      Params:         0       0       0       0       0       0       0       0       0       0       0       0       0       0       0       0       0
      Locals:         0       0       0       0       0       0       0       0       0       0       0       0       0       0       0       0       0
      Temps:          0       4       0       0       0       0       0       0       0       0       0       0       0       0       0       0       0
      Totals:         0       4       0       0       0       0       0       0       0       0       0       0       0       0       0       0       0
Total ram usage:        4 bytes
 Hardware stack levels used:    1
 Hardware stack levels required when called:    6
 This function calls:
		_OpenI2C
		___wmul
 This function is called by:
		_main
 This function uses a non-reentrant model


 *************** function ___wmul *****************
 Defined at:
		line 3 in file "/Applications/microchip/xc8/v1.31/sources/common/wmul.c"
 Parameters:    Size  Location     Type
  multiplier      2    0[BANK0 ] unsigned int 
  multiplicand    2    2[BANK0 ] unsigned int 
 Auto vars:     Size  Location     Type
  product         2    4[BANK0 ] unsigned int 
 Return value:  Size  Location     Type
                  2    0[BANK0 ] unsigned int 
 Registers used:
		wreg, status,2, status,0, prodl, prodh
 Tracked objects:
		On entry : 
		On exit  : 
		Unchanged: 
 Data sizes:     COMRAM   BANK0   BANK1   BANK2   BANK3   BANK4   BANK5   BANK6   BANK7   BANK8   BANK9  BANK10  BANK11  BANK12  BANK13  BANK14  BANK15
      Params:         0       4       0       0       0       0       0       0       0       0       0       0       0       0       0       0       0
      Locals:         0       2       0       0       0       0       0       0       0       0       0       0       0       0       0       0       0
      Temps:          0       0       0       0       0       0       0       0       0       0       0       0       0       0       0       0       0
      Totals:         0       6       0       0       0       0       0       0       0       0       0       0       0       0       0       0       0
Total ram usage:        6 bytes
 Hardware stack levels used:    1
 Hardware stack levels required when called:    5
 This function calls:
		Nothing
 This function is called by:
		_I2cSettings
 This function uses a non-reentrant model


 *************** function _OpenI2C *****************
 Defined at:
		line 14 in file "/Applications/microchip/xc8/v1.31/sources/pic18/plib/i2c/i2c_open.c"
 Parameters:    Size  Location     Type
  sync_mode       1    wreg     unsigned char 
  slew            1    0[BANK0 ] unsigned char 
 Auto vars:     Size  Location     Type
  sync_mode       1    1[BANK0 ] unsigned char 
 Return value:  Size  Location     Type
		None               void
 Registers used:
		wreg, status,2, status,0
 Tracked objects:
		On entry : 
		On exit  : 
		Unchanged: 
 Data sizes:     COMRAM   BANK0   BANK1   BANK2   BANK3   BANK4   BANK5   BANK6   BANK7   BANK8   BANK9  BANK10  BANK11  BANK12  BANK13  BANK14  BANK15
      Params:         0       1       0       0       0       0       0       0       0       0       0       0       0       0       0       0       0
      Locals:         0       1       0       0       0       0       0       0       0       0       0       0       0       0       0       0       0
      Temps:          0       0       0       0       0       0       0       0       0       0       0       0       0       0       0       0       0
      Totals:         0       2       0       0       0       0       0       0       0       0       0       0       0       0       0       0       0
Total ram usage:        2 bytes
 Hardware stack levels used:    1
 Hardware stack levels required when called:    5
 This function calls:
		Nothing
 This function is called by:
		_I2cSettings
 This function uses a non-reentrant model


 *************** function _CommSetting *****************
 Defined at:
		line 7 in file "../comm.c"
 Parameters:    Size  Location     Type
		None
 Auto vars:     Size  Location     Type
		None
 Return value:  Size  Location     Type
		None               void
 Registers used:
		wreg, status,2
 Tracked objects:
		On entry : 
		On exit  : 
		Unchanged: 
 Data sizes:     COMRAM   BANK0   BANK1   BANK2   BANK3   BANK4   BANK5   BANK6   BANK7   BANK8   BANK9  BANK10  BANK11  BANK12  BANK13  BANK14  BANK15
      Params:         0       0       0       0       0       0       0       0       0       0       0       0       0       0       0       0       0
      Locals:         0       0       0       0       0       0       0       0       0       0       0       0       0       0       0       0       0
      Temps:          0       0       0       0       0       0       0       0       0       0       0       0       0       0       0       0       0
      Totals:         0       0       0       0       0       0       0       0       0       0       0       0       0       0       0       0       0
Total ram usage:        0 bytes
 Hardware stack levels used:    1
 Hardware stack levels required when called:    5
 This function calls:
		Nothing
 This function is called by:
		_main
 This function uses a non-reentrant model


 *************** function _CommFsmSched *****************
 Defined at:
		line 71 in file "../comm.c"
 Parameters:    Size  Location     Type
  FsmStruct       2   13[BANK0 ] PTR struct FsmTable
		 -> NULL(0), ReadTimeFsm(25), 
 Auto vars:     Size  Location     Type
  FsmStat         1   17[BANK0 ] unsigned char 
 Return value:  Size  Location     Type
		None               void
 Registers used:
		wreg, fsr2l, fsr2h, status,2, status,0, pclat, tosl, tblptrl, tblptrh, tblptru, prodl, prodh, cstack
 Tracked objects:
		On entry : 
		On exit  : 
		Unchanged: 
 Data sizes:     COMRAM   BANK0   BANK1   BANK2   BANK3   BANK4   BANK5   BANK6   BANK7   BANK8   BANK9  BANK10  BANK11  BANK12  BANK13  BANK14  BANK15
      Params:         0       2       0       0       0       0       0       0       0       0       0       0       0       0       0       0       0
      Locals:         0       1       0       0       0       0       0       0       0       0       0       0       0       0       0       0       0
      Temps:          0       2       0       0       0       0       0       0       0       0       0       0       0       0       0       0       0
      Totals:         0       5       0       0       0       0       0       0       0       0       0       0       0       0       0       0       0
Total ram usage:        5 bytes
 Hardware stack levels used:    1
 Hardware stack levels required when called:    7
 This function calls:
		_CommFsmIdle
		_StartRx
		_StartTx
		_TimeDecode
 This function is called by:
		_main
 This function uses a non-reentrant model


 *************** function _CommFsmIdle *****************
 Defined at:
		line 57 in file "../comm.c"
 Parameters:    Size  Location     Type
		None
 Auto vars:     Size  Location     Type
		None
 Return value:  Size  Location     Type
                  1    wreg      unsigned char 
 Registers used:
		None
 Tracked objects:
		On entry : 
		On exit  : 
		Unchanged: 
 Data sizes:     COMRAM   BANK0   BANK1   BANK2   BANK3   BANK4   BANK5   BANK6   BANK7   BANK8   BANK9  BANK10  BANK11  BANK12  BANK13  BANK14  BANK15
      Params:         0       0       0       0       0       0       0       0       0       0       0       0       0       0       0       0       0
      Locals:         0       0       0       0       0       0       0       0       0       0       0       0       0       0       0       0       0
      Temps:          0       0       0       0       0       0       0       0       0       0       0       0       0       0       0       0       0
      Totals:         0       0       0       0       0       0       0       0       0       0       0       0       0       0       0       0       0
Total ram usage:        0 bytes
 Hardware stack levels used:    1
 Hardware stack levels required when called:    5
 This function calls:
		Nothing
 This function is called by:
		_CommFsmSched
 This function uses a non-reentrant model


 *************** function _TimeDecode *****************
 Defined at:
		line 229 in file "../WordClock.c"
 Parameters:    Size  Location     Type
		None
 Auto vars:     Size  Location     Type
		None
 Return value:  Size  Location     Type
                  1    wreg      unsigned char 
 Registers used:
		None
 Tracked objects:
		On entry : 
		On exit  : 
		Unchanged: 
 Data sizes:     COMRAM   BANK0   BANK1   BANK2   BANK3   BANK4   BANK5   BANK6   BANK7   BANK8   BANK9  BANK10  BANK11  BANK12  BANK13  BANK14  BANK15
      Params:         0       0       0       0       0       0       0       0       0       0       0       0       0       0       0       0       0
      Locals:         0       0       0       0       0       0       0       0       0       0       0       0       0       0       0       0       0
      Temps:          0       0       0       0       0       0       0       0       0       0       0       0       0       0       0       0       0
      Totals:         0       0       0       0       0       0       0       0       0       0       0       0       0       0       0       0       0
Total ram usage:        0 bytes
 Hardware stack levels used:    1
 Hardware stack levels required when called:    5
 This function calls:
		Nothing
 This function is called by:
		_CommFsmSched
 This function uses a non-reentrant model


 *************** function _StartTx *****************
 Defined at:
		line 136 in file "../comm.c"
 Parameters:    Size  Location     Type
  TxStr           2   10[BANK0 ] PTR const unsigned char 
		 -> STR_10(1), STR_9(8), STR_8(6), STR_7(4), 
		 -> STR_6(5), STR_5(1), STR_4(8), STR_3(6), 
		 -> STR_2(4), STR_1(5), 
 Auto vars:     Size  Location     Type
		None
 Return value:  Size  Location     Type
		None               void
 Registers used:
		wreg, fsr2l, fsr2h, status,2, status,0, tblptrl, tblptrh, tblptru, cstack
 Tracked objects:
		On entry : 
		On exit  : 
		Unchanged: 
 Data sizes:     COMRAM   BANK0   BANK1   BANK2   BANK3   BANK4   BANK5   BANK6   BANK7   BANK8   BANK9  BANK10  BANK11  BANK12  BANK13  BANK14  BANK15
      Params:         0       2       0       0       0       0       0       0       0       0       0       0       0       0       0       0       0
      Locals:         0       0       0       0       0       0       0       0       0       0       0       0       0       0       0       0       0
      Temps:          0       1       0       0       0       0       0       0       0       0       0       0       0       0       0       0       0
      Totals:         0       3       0       0       0       0       0       0       0       0       0       0       0       0       0       0       0
Total ram usage:        3 bytes
 Hardware stack levels used:    1
 Hardware stack levels required when called:    6
 This function calls:
		_memcpy
		_strlen
 This function is called by:
		_CommFsmSched
 This function uses a non-reentrant model


 *************** function _strlen *****************
 Defined at:
		line 4 in file "/Applications/microchip/xc8/v1.31/sources/common/strlen.c"
 Parameters:    Size  Location     Type
  s               2    0[BANK0 ] PTR const unsigned char 
		 -> STR_10(1), STR_9(8), STR_8(6), STR_7(4), 
		 -> STR_6(5), STR_5(1), STR_4(8), STR_3(6), 
		 -> STR_2(4), STR_1(5), 
 Auto vars:     Size  Location     Type
  cp              2    4[BANK0 ] PTR const unsigned char 
		 -> STR_10(1), STR_9(8), STR_8(6), STR_7(4), 
		 -> STR_6(5), STR_5(1), STR_4(8), STR_3(6), 
		 -> STR_2(4), STR_1(5), 
 Return value:  Size  Location     Type
                  2    0[BANK0 ] unsigned int 
 Registers used:
		wreg, status,2, status,0, tblptrl, tblptrh, tblptru
 Tracked objects:
		On entry : 
		On exit  : 
		Unchanged: 
 Data sizes:     COMRAM   BANK0   BANK1   BANK2   BANK3   BANK4   BANK5   BANK6   BANK7   BANK8   BANK9  BANK10  BANK11  BANK12  BANK13  BANK14  BANK15
      Params:         0       2       0       0       0       0       0       0       0       0       0       0       0       0       0       0       0
      Locals:         0       2       0       0       0       0       0       0       0       0       0       0       0       0       0       0       0
      Temps:          0       2       0       0       0       0       0       0       0       0       0       0       0       0       0       0       0
      Totals:         0       6       0       0       0       0       0       0       0       0       0       0       0       0       0       0       0
Total ram usage:        6 bytes
 Hardware stack levels used:    1
 Hardware stack levels required when called:    5
 This function calls:
		Nothing
 This function is called by:
		_StartTx
 This function uses a non-reentrant model


 *************** function _memcpy *****************
 Defined at:
		line 11 in file "/Applications/microchip/xc8/v1.31/sources/common/memcpy.c"
 Parameters:    Size  Location     Type
  d1              2    0[BANK0 ] PTR void 
		 -> TxBuff(32), 
  s1              2    2[BANK0 ] PTR const void 
		 -> STR_10(1), STR_9(8), STR_8(6), STR_7(4), 
		 -> STR_6(5), STR_5(1), STR_4(8), STR_3(6), 
		 -> STR_2(4), STR_1(5), 
  n               2    4[BANK0 ] unsigned int 
 Auto vars:     Size  Location     Type
  s               2    8[BANK0 ] PTR const unsigned char 
		 -> STR_10(1), STR_9(8), STR_8(6), STR_7(4), 
		 -> STR_6(5), STR_5(1), STR_4(8), STR_3(6), 
		 -> STR_2(4), STR_1(5), 
  d               2    6[BANK0 ] PTR unsigned char 
		 -> TxBuff(32), 
 Return value:  Size  Location     Type
                  2    0[BANK0 ] PTR void 
 Registers used:
		wreg, fsr2l, fsr2h, status,2, status,0, tblptrl, tblptrh, tblptru
 Tracked objects:
		On entry : 
		On exit  : 
		Unchanged: 
 Data sizes:     COMRAM   BANK0   BANK1   BANK2   BANK3   BANK4   BANK5   BANK6   BANK7   BANK8   BANK9  BANK10  BANK11  BANK12  BANK13  BANK14  BANK15
      Params:         0       6       0       0       0       0       0       0       0       0       0       0       0       0       0       0       0
      Locals:         0       4       0       0       0       0       0       0       0       0       0       0       0       0       0       0       0
      Temps:          0       0       0       0       0       0       0       0       0       0       0       0       0       0       0       0       0
      Totals:         0      10       0       0       0       0       0       0       0       0       0       0       0       0       0       0       0
Total ram usage:       10 bytes
 Hardware stack levels used:    1
 Hardware stack levels required when called:    5
 This function calls:
		Nothing
 This function is called by:
		_StartTx
 This function uses a non-reentrant model


 *************** function _StartRx *****************
 Defined at:
		line 145 in file "../comm.c"
 Parameters:    Size  Location     Type
  TxStr           2    0[BANK0 ] PTR const unsigned char 
		 -> STR_10(1), STR_9(8), STR_8(6), STR_7(4), 
		 -> STR_6(5), STR_5(1), STR_4(8), STR_3(6), 
		 -> STR_2(4), STR_1(5), 
 Auto vars:     Size  Location     Type
		None
 Return value:  Size  Location     Type
		None               void
 Registers used:
		status,2
 Tracked objects:
		On entry : 
		On exit  : 
		Unchanged: 
 Data sizes:     COMRAM   BANK0   BANK1   BANK2   BANK3   BANK4   BANK5   BANK6   BANK7   BANK8   BANK9  BANK10  BANK11  BANK12  BANK13  BANK14  BANK15
      Params:         0       2       0       0       0       0       0       0       0       0       0       0       0       0       0       0       0
      Locals:         0       0       0       0       0       0       0       0       0       0       0       0       0       0       0       0       0
      Temps:          0       1       0       0       0       0       0       0       0       0       0       0       0       0       0       0       0
      Totals:         0       3       0       0       0       0       0       0       0       0       0       0       0       0       0       0       0
Total ram usage:        3 bytes
 Hardware stack levels used:    1
 Hardware stack levels required when called:    5
 This function calls:
		Nothing
 This function is called by:
		_CommFsmSched
 This function uses a non-reentrant model


 *************** function _low_isr *****************
 Defined at:
		line 236 in file "../WordClock.c"
 Parameters:    Size  Location     Type
		None
 Auto vars:     Size  Location     Type
		None
 Return value:  Size  Location     Type
		None               void
 Registers used:
		wreg, fsr2l, fsr2h, status,2, status,0, tblptrl, tblptrh, tblptru, prodl, prodh, cstack
 Tracked objects:
		On entry : 
		On exit  : 
		Unchanged: 
 Data sizes:     COMRAM   BANK0   BANK1   BANK2   BANK3   BANK4   BANK5   BANK6   BANK7   BANK8   BANK9  BANK10  BANK11  BANK12  BANK13  BANK14  BANK15
      Params:         0       0       0       0       0       0       0       0       0       0       0       0       0       0       0       0       0
      Locals:         0       0       0       0       0       0       0       0       0       0       0       0       0       0       0       0       0
      Temps:         19       0       0       0       0       0       0       0       0       0       0       0       0       0       0       0       0
      Totals:        19       0       0       0       0       0       0       0       0       0       0       0       0       0       0       0       0
Total ram usage:       19 bytes
 Hardware stack levels used:    1
 Hardware stack levels required when called:    4
 This function calls:
		_ReadUSART
		_SetTimer0
		_strstr
 This function is called by:
		Interrupt level 1
 This function uses a non-reentrant model


 *************** function _strstr *****************
 Defined at:
		line 4 in file "/Applications/microchip/xc8/v1.31/sources/common/strstr.c"
 Parameters:    Size  Location     Type
  s1              2   34[COMRAM] PTR const unsigned char 
		 -> NULL(0), RXbuff(64), 
  s2              2   36[COMRAM] PTR const unsigned char 
		 -> STR_10(1), STR_9(8), STR_8(6), STR_7(4), 
		 -> STR_6(5), STR_5(1), STR_4(8), STR_3(6), 
		 -> STR_2(4), STR_1(5), 
 Auto vars:     Size  Location     Type
		None
 Return value:  Size  Location     Type
                  2   34[COMRAM] PTR unsigned char 
 Registers used:
		wreg, fsr2l, fsr2h, status,2, status,0, tblptrl, tblptrh, tblptru, cstack
 Tracked objects:
		On entry : 
		On exit  : 
		Unchanged: 
 Data sizes:     COMRAM   BANK0   BANK1   BANK2   BANK3   BANK4   BANK5   BANK6   BANK7   BANK8   BANK9  BANK10  BANK11  BANK12  BANK13  BANK14  BANK15
      Params:         4       0       0       0       0       0       0       0       0       0       0       0       0       0       0       0       0
      Locals:         0       0       0       0       0       0       0       0       0       0       0       0       0       0       0       0       0
      Temps:          0       0       0       0       0       0       0       0       0       0       0       0       0       0       0       0       0
      Totals:         4       0       0       0       0       0       0       0       0       0       0       0       0       0       0       0       0
Total ram usage:        4 bytes
 Hardware stack levels used:    1
 Hardware stack levels required when called:    3
 This function calls:
		_strchr
		_strncmp
		i1_strlen
 This function is called by:
		_low_isr
 This function uses a non-reentrant model


 *************** function i1_strlen *****************
 Defined at:
		line 4 in file "/Applications/microchip/xc8/v1.31/sources/common/strlen.c"
 Parameters:    Size  Location     Type
  s               2   19[COMRAM] PTR const unsigned char 
		 -> STR_10(1), STR_9(8), STR_8(6), STR_7(4), 
		 -> STR_6(5), STR_5(1), STR_4(8), STR_3(6), 
		 -> STR_2(4), STR_1(5), 
 Auto vars:     Size  Location     Type
  strlen          2   23[COMRAM] PTR const unsigned char 
		 -> STR_10(1), STR_9(8), STR_8(6), STR_7(4), 
		 -> STR_6(5), STR_5(1), STR_4(8), STR_3(6), 
		 -> STR_2(4), STR_1(5), 
 Return value:  Size  Location     Type
                  2   19[COMRAM] unsigned int 
 Registers used:
		wreg, status,2, status,0, tblptrl, tblptrh, tblptru
 Tracked objects:
		On entry : 
		On exit  : 
		Unchanged: 
 Data sizes:     COMRAM   BANK0   BANK1   BANK2   BANK3   BANK4   BANK5   BANK6   BANK7   BANK8   BANK9  BANK10  BANK11  BANK12  BANK13  BANK14  BANK15
      Params:         2       0       0       0       0       0       0       0       0       0       0       0       0       0       0       0       0
      Locals:         2       0       0       0       0       0       0       0       0       0       0       0       0       0       0       0       0
      Temps:          2       0       0       0       0       0       0       0       0       0       0       0       0       0       0       0       0
      Totals:         6       0       0       0       0       0       0       0       0       0       0       0       0       0       0       0       0
Total ram usage:        6 bytes
 Hardware stack levels used:    1
 Hardware stack levels required when called:    2
 This function calls:
		Nothing
 This function is called by:
		_strstr
 This function uses a non-reentrant model


 *************** function _strncmp *****************
 Defined at:
		line 4 in file "/Applications/microchip/xc8/v1.31/sources/common/strncmp.c"
 Parameters:    Size  Location     Type
  s1              2   25[COMRAM] PTR const unsigned char 
		 -> NULL(0), RXbuff(64), 
  s2              2   27[COMRAM] PTR const unsigned char 
		 -> STR_10(1), STR_9(8), STR_8(6), STR_7(4), 
		 -> STR_6(5), STR_5(1), STR_4(8), STR_3(6), 
		 -> STR_2(4), STR_1(5), 
  len             2   29[COMRAM] unsigned int 
 Auto vars:     Size  Location     Type
		None
 Return value:  Size  Location     Type
                  2   25[COMRAM] int 
 Registers used:
		wreg, fsr2l, fsr2h, status,2, status,0, tblptrl, tblptrh, tblptru
 Tracked objects:
		On entry : 
		On exit  : 
		Unchanged: 
 Data sizes:     COMRAM   BANK0   BANK1   BANK2   BANK3   BANK4   BANK5   BANK6   BANK7   BANK8   BANK9  BANK10  BANK11  BANK12  BANK13  BANK14  BANK15
      Params:         6       0       0       0       0       0       0       0       0       0       0       0       0       0       0       0       0
      Locals:         0       0       0       0       0       0       0       0       0       0       0       0       0       0       0       0       0
      Temps:          3       0       0       0       0       0       0       0       0       0       0       0       0       0       0       0       0
      Totals:         9       0       0       0       0       0       0       0       0       0       0       0       0       0       0       0       0
Total ram usage:        9 bytes
 Hardware stack levels used:    1
 Hardware stack levels required when called:    2
 This function calls:
		Nothing
 This function is called by:
		_strstr
 This function uses a non-reentrant model


 *************** function _strchr *****************
 Defined at:
		line 4 in file "/Applications/microchip/xc8/v1.31/sources/common/strchr.c"
 Parameters:    Size  Location     Type
  ptr             2   19[COMRAM] PTR const unsigned char 
		 -> NULL(0), RXbuff(64), 
  chr             2   21[COMRAM] int 
 Auto vars:     Size  Location     Type
		None
 Return value:  Size  Location     Type
                  2   19[COMRAM] PTR unsigned char 
 Registers used:
		wreg, fsr2l, fsr2h, status,2, status,0
 Tracked objects:
		On entry : 
		On exit  : 
		Unchanged: 
 Data sizes:     COMRAM   BANK0   BANK1   BANK2   BANK3   BANK4   BANK5   BANK6   BANK7   BANK8   BANK9  BANK10  BANK11  BANK12  BANK13  BANK14  BANK15
      Params:         4       0       0       0       0       0       0       0       0       0       0       0       0       0       0       0       0
      Locals:         0       0       0       0       0       0       0       0       0       0       0       0       0       0       0       0       0
      Temps:          0       0       0       0       0       0       0       0       0       0       0       0       0       0       0       0       0
      Totals:         4       0       0       0       0       0       0       0       0       0       0       0       0       0       0       0       0
Total ram usage:        4 bytes
 Hardware stack levels used:    1
 Hardware stack levels required when called:    2
 This function calls:
		Nothing
 This function is called by:
		_strstr
 This function uses a non-reentrant model


 *************** function _SetTimer0 *****************
 Defined at:
		line 155 in file "../WordClock.c"
 Parameters:    Size  Location     Type
  Count           2   19[COMRAM] int 
 Auto vars:     Size  Location     Type
		None
 Return value:  Size  Location     Type
		None               void
 Registers used:
		wreg, status,2
 Tracked objects:
		On entry : 
		On exit  : 
		Unchanged: 
 Data sizes:     COMRAM   BANK0   BANK1   BANK2   BANK3   BANK4   BANK5   BANK6   BANK7   BANK8   BANK9  BANK10  BANK11  BANK12  BANK13  BANK14  BANK15
      Params:         2       0       0       0       0       0       0       0       0       0       0       0       0       0       0       0       0
      Locals:         0       0       0       0       0       0       0       0       0       0       0       0       0       0       0       0       0
      Temps:          2       0       0       0       0       0       0       0       0       0       0       0       0       0       0       0       0
      Totals:         4       0       0       0       0       0       0       0       0       0       0       0       0       0       0       0       0
Total ram usage:        4 bytes
 Hardware stack levels used:    1
 Hardware stack levels required when called:    2
 This function calls:
		Nothing
 This function is called by:
		_low_isr
 This function uses a non-reentrant model


 *************** function _ReadUSART *****************
 Defined at:
		line 15 in file "/Applications/microchip/xc8/v1.31/sources/pic18/plib/USART/uread.c"
 Parameters:    Size  Location     Type
		None
 Auto vars:     Size  Location     Type
  data            1   19[COMRAM] unsigned char 
 Return value:  Size  Location     Type
                  1    wreg      unsigned char 
 Registers used:
		wreg, status,2, status,0
 Tracked objects:
		On entry : 
		On exit  : 
		Unchanged: 
 Data sizes:     COMRAM   BANK0   BANK1   BANK2   BANK3   BANK4   BANK5   BANK6   BANK7   BANK8   BANK9  BANK10  BANK11  BANK12  BANK13  BANK14  BANK15
      Params:         0       0       0       0       0       0       0       0       0       0       0       0       0       0       0       0       0
      Locals:         1       0       0       0       0       0       0       0       0       0       0       0       0       0       0       0       0
      Temps:          0       0       0       0       0       0       0       0       0       0       0       0       0       0       0       0       0
      Totals:         1       0       0       0       0       0       0       0       0       0       0       0       0       0       0       0       0
Total ram usage:        1 bytes
 Hardware stack levels used:    1
 Hardware stack levels required when called:    2
 This function calls:
		Nothing
 This function is called by:
		_low_isr
 This function uses a non-reentrant model


 *************** function _high_isr *****************
 Defined at:
		line 300 in file "../WordClock.c"
 Parameters:    Size  Location     Type
		None
 Auto vars:     Size  Location     Type
		None
 Return value:  Size  Location     Type
		None               void
 Registers used:
		wreg, status,2, status,0, cstack
 Tracked objects:
		On entry : 
		On exit  : 
		Unchanged: 
 Data sizes:     COMRAM   BANK0   BANK1   BANK2   BANK3   BANK4   BANK5   BANK6   BANK7   BANK8   BANK9  BANK10  BANK11  BANK12  BANK13  BANK14  BANK15
      Params:         0       0       0       0       0       0       0       0       0       0       0       0       0       0       0       0       0
      Locals:         0       0       0       0       0       0       0       0       0       0       0       0       0       0       0       0       0
      Temps:         15       0       0       0       0       0       0       0       0       0       0       0       0       0       0       0       0
      Totals:        15       0       0       0       0       0       0       0       0       0       0       0       0       0       0       0       0
Total ram usage:       15 bytes
 Hardware stack levels used:    1
 Hardware stack levels required when called:    1
 This function calls:
		i2_SetTimer3
 This function is called by:
		Interrupt level 2
 This function uses a non-reentrant model


 *************** function i2_SetTimer3 *****************
 Defined at:
		line 174 in file "../WordClock.c"
 Parameters:    Size  Location     Type
  Count           2    0[COMRAM] int 
 Auto vars:     Size  Location     Type
		None
 Return value:  Size  Location     Type
		None               void
 Registers used:
		wreg, status,2
 Tracked objects:
		On entry : 
		On exit  : 
		Unchanged: 
 Data sizes:     COMRAM   BANK0   BANK1   BANK2   BANK3   BANK4   BANK5   BANK6   BANK7   BANK8   BANK9  BANK10  BANK11  BANK12  BANK13  BANK14  BANK15
      Params:         2       0       0       0       0       0       0       0       0       0       0       0       0       0       0       0       0
      Locals:         0       0       0       0       0       0       0       0       0       0       0       0       0       0       0       0       0
      Temps:          2       0       0       0       0       0       0       0       0       0       0       0       0       0       0       0       0
      Totals:         4       0       0       0       0       0       0       0       0       0       0       0       0       0       0       0       0
Total ram usage:        4 bytes
 Hardware stack levels used:    1
 This function calls:
		Nothing
 This function is called by:
		_high_isr
 This function uses a non-reentrant model



MODULE INFORMATION

Module		Function		Class		Link	Load	Size
../comm.c
		_CommSetting   		CODE           	1F5C	0000	38
		_StartRx       		CODE           	1FA0	0000	28
		_StartTx       		CODE           	1BC4	0000	108
		_CommFsmIdle   		CODE           	204A	0000	2
		_CommFsmSched  		CODE           	122A	0000	502
		_StartCommFsmSc		CODE           	1E78	0000	70

../comm.c estimated size: 748

/Applications/microchip/xc8/v1.31/sources/common/strstr.c
		_strstr        		CODE           	1AC2	0000	136

/Applications/microchip/xc8/v1.31/sources/common/strstr.c estimated size: 136

/Applications/microchip/xc8/v1.31/sources/common/lwmod.c
		___lwmod       		CODE           	19AE	0000	138

/Applications/microchip/xc8/v1.31/sources/common/lwmod.c estimated size: 138

/Applications/microchip/xc8/v1.31/sources/common/strlen.c
		_strlen        		CODE           	1C30	0000	106

/Applications/microchip/xc8/v1.31/sources/common/strlen.c estimated size: 106

/Applications/microchip/xc8/v1.31/sources/common/awdiv.c
		___awdiv       		CODE           	16C0	0000	310

/Applications/microchip/xc8/v1.31/sources/common/awdiv.c estimated size: 310

shared
		i2_SetTimer3   		CODE           	2036	0000	20
		__stringdata   		SMALLCONST     	1001	0000	23
		__initializatio		CODE           	1E2E	0000	68
		i1_strlen      		CODE           	1EBE	0000	66

shared estimated size: 177

/Applications/microchip/xc8/v1.31/sources/pic18/plib/i2c/i2c_open.c
		_OpenI2C       		CODE           	1F34	0000	40

/Applications/microchip/xc8/v1.31/sources/pic18/plib/i2c/i2c_open.c estimated size: 40

/Applications/microchip/xc8/v1.31/sources/common/memcpy.c
		_memcpy        		CODE           	1D02	0000	104

/Applications/microchip/xc8/v1.31/sources/common/memcpy.c estimated size: 104

/Applications/microchip/xc8/v1.31/sources/pic18/plib/USART/uread.c
		_ReadUSART     		CODE           	1F82	0000	30

/Applications/microchip/xc8/v1.31/sources/pic18/plib/USART/uread.c estimated size: 30

/Applications/microchip/xc8/v1.31/sources/common/strchr.c
		_strchr        		CODE           	1F00	0000	52

/Applications/microchip/xc8/v1.31/sources/common/strchr.c estimated size: 52

../WordClock.c
		_TimeDecode    		CODE           	204C	0000	2
		_main          		CODE           	1578	0000	328
		_RtcReadTime   		CODE           	1B4A	0000	122
		_SetTimer0     		CODE           	2022	0000	20
		_SetTimer1     		CODE           	1FF2	0000	26
		_SetTimer3     		CODE           	1FD8	0000	26
		_high_isr      		CODE           	0008	0000	6566
		_RtcWriteTime  		CODE           	1420	0000	344
		_low_isr       		CODE           	0018	0000	404

../WordClock.c estimated size: 7838

../settings.c
		_InterruptSetti		CODE           	200C	0000	22
		_Settings      		CODE           	1D6A	0000	98

../settings.c estimated size: 120

/Applications/microchip/xc8/v1.31/sources/common/strncmp.c
		_strncmp       		CODE           	1A38	0000	138

/Applications/microchip/xc8/v1.31/sources/common/strncmp.c estimated size: 138

/Applications/microchip/xc8/v1.31/sources/common/wmul.c
		___wmul        		CODE           	1DCC	0000	98

/Applications/microchip/xc8/v1.31/sources/common/wmul.c estimated size: 98

../myi2c.c
		_I2cBuffChk    		CODE           	1C9A	0000	104
		_I2cData       		CODE           	17F6	0000	250
		_I2cSettings   		CODE           	101A	0000	528

../myi2c.c estimated size: 882

